
/**********************************************************************************************************************
 * Submission Start: autoexec.sas
 * Apr 14, 2020 16:07:18 GMT by prdesa
 *********************************************************************************************************************/

/**********************************************************************************************************************
 * Submission End: autoexec.sas
 * Apr 14, 2020 16:07:18 GMT
 *********************************************************************************************************************/

/**********************************************************************************************************************
 * Submission Start: d0_dm.sas
 * Apr 14, 2020 16:07:18 GMT by prdesa
 *********************************************************************************************************************/

/**********************************************************************************************************************
 * Submission End: d0_dm.sas
 * Apr 14, 2020 16:07:18 GMT
 *********************************************************************************************************************/
