
/**********************************************************************************************************************
 * Submission Start: autoexec.sas
 * Oct 24, 2018 12:25:20 GMT by prdesa
 *********************************************************************************************************************/

/**********************************************************************************************************************
 * Submission End: autoexec.sas
 * Oct 24, 2018 12:25:21 GMT
 *********************************************************************************************************************/

/**********************************************************************************************************************
 * Submission Start: d0_dm.sas
 * Oct 24, 2018 12:25:21 GMT by prdesa
 *********************************************************************************************************************/

/**********************************************************************************************************************
 * Submission End: d0_dm.sas
 * Oct 24, 2018 12:25:21 GMT
 *********************************************************************************************************************/
