
/**********************************************************************************************************************
 * Submission Start: autoexec.sas
 * Feb 18, 2020 19:31:48 GMT by prdesa
 *********************************************************************************************************************/

/**********************************************************************************************************************
 * Submission End: autoexec.sas
 * Feb 18, 2020 19:31:48 GMT
 *********************************************************************************************************************/

/**********************************************************************************************************************
 * Submission Start: d0_dm.sas
 * Feb 18, 2020 19:31:48 GMT by prdesa
 *********************************************************************************************************************/

/**********************************************************************************************************************
 * Submission End: d0_dm.sas
 * Feb 18, 2020 19:31:48 GMT
 *********************************************************************************************************************/
