
/**********************************************************************************************************************
 * Submission Start: autoexec.sas
 * May 11, 2016 20:16:32 GMT by jimbox
 *********************************************************************************************************************/

/**********************************************************************************************************************
 * Submission End: autoexec.sas
 * May 11, 2016 20:16:32 GMT
 *********************************************************************************************************************/

/**********************************************************************************************************************
 * Submission Start: _run_toc.sas
 * May 11, 2016 20:16:32 GMT by jimbox
 *********************************************************************************************************************/

/**********************************************************************************************************************
 * Submission End: _run_toc.sas
 * May 11, 2016 20:16:32 GMT
 *********************************************************************************************************************/

/**********************************************************************************************************************
 * Submission Start: formats.sas
 * May 11, 2016 20:16:32 GMT by jimbox
 *********************************************************************************************************************/

/**********************************************************************************************************************
 * Submission End: formats.sas
 * May 11, 2016 20:16:32 GMT
 *********************************************************************************************************************/

/**********************************************************************************************************************
 * Submission Start: xmb111_std.sas
 * May 11, 2016 20:16:32 GMT by jimbox
 *********************************************************************************************************************/

/**********************************************************************************************************************
 * Submission End: xmb111_std.sas
 * May 11, 2016 20:16:32 GMT
 *********************************************************************************************************************/
