
/**********************************************************************************************************************
 * Submission Start: autoexec.sas
 * Jun 13, 2016 17:47:32 GMT by jimbox
 *********************************************************************************************************************/

/**********************************************************************************************************************
 * Submission End: autoexec.sas
 * Jun 13, 2016 17:47:32 GMT
 *********************************************************************************************************************/

/**********************************************************************************************************************
 * Submission Start: d0_dm.sas
 * Jun 13, 2016 17:47:32 GMT by jimbox
 *********************************************************************************************************************/

/**********************************************************************************************************************
 * Submission End: d0_dm.sas
 * Jun 13, 2016 17:47:32 GMT
 *********************************************************************************************************************/

/**********************************************************************************************************************
 * Submission Start: rldemo.sas
 * Jun 13, 2016 17:47:32 GMT by jimbox
 *********************************************************************************************************************/

/**********************************************************************************************************************
 * Submission End: rldemo.sas
 * Jun 13, 2016 17:47:33 GMT
 *********************************************************************************************************************/

/**********************************************************************************************************************
 * Submission Start: rtdemog.sas
 * Jun 13, 2016 17:47:33 GMT by jimbox
 *********************************************************************************************************************/

/**********************************************************************************************************************
 * Submission End: rtdemog.sas
 * Jun 13, 2016 17:47:34 GMT
 *********************************************************************************************************************/
